1
0
1
ASSEMBLY
1
PART-1-1
PART-1
1
PART-1-1
14
-2147483646
0
48 1 16 5 0 1 0 -1 -1 92740 1 -1879048189 1 92740 
14
48 1 16 5 0 1 0 -1 -1 92740 1 -1879048189 1 92740 
0
1
PART-1-1
14
-2147483646
0
48 1 16 5 0 1 0 -1 -1 288880 1 -1879048189 1 288880 
14
48 1 16 5 0 1 0 -1 -1 288880 1 -1879048189 1 288880 
0
0
1
PART-1-1
1
SET-ALLELEMENTS
0
1
14
-2147483647
48 1 16 5 0 1 0 -1 -1 288880 1 -1879048189 1 288880 
0
0
0
4
SET-BOTTOM
0
1
0
1
PART-1-1
435
-2147483647
1732 0 414 415 519 549 669 716 856 1001 1069 1071 1072 1076 1229 1296 1307 1321 1604 1616 1792 1921 2031 2052 2055 2071 2081 2167 2196 2255 2264 2293 2621 2689 2767 2785 2831 2867 2925 3012 3225 3263 3341 3391 3547 3551 3570 3581 3825 3897 4149 4201 4874 4980 5458 6008 6800 7711 9128 9344 10367 11101 11755 11952 12054 12769 13280 14408 14450 15439 15522 16118 16183 16443 17148 17207 18343 18476 19422 19505 19710 20899 22070 22287 22317 22770 22804 23569 23648 24063 24142 25138 25927 25963 26034 27672 28734 29270 29298 29323 29359 29770 30153 30783 31384 31475 31722 32068 32329 34340 35016 35739 35928 36115 36237 38324 38947 39498 39739 39821 41001 41253 41594 41743 42036 44354 44408 45498 45674 46414 47828 48450 48604 49119 49315 49633 50926 50951 50952 51001 51981 52067 52161 53151 53305 53578 54495 55698 55932 56132 56412 56814 57462 57520 57624 58990 59406 59485 60317 61374 62966 62985 63042 63581 63980 64180 65284 65444 65612 66445 66881 67555 67750 67801 69063 70520 70976 71082 71395 71929 73835 75026 75647 76115 76309 77547 78891 79649 80616 81503 82146 82224 82834 83159 83172 83603 83802 84228 86166 86260 86437 86674 86820 86934 86949 87023 87116 87153 87411 87442 87563 87642 87675 87676 87689 87740 87741 87761 87768 87805 87816 87854 87860 88012 88362 88363 88364 88418 88538 88618 88620 88648 88674 88788 88835 88896 88927 89032 89079 89100 89219 90122 90123 90124 90125 90126 90127 90128 90147 90157 90165 90204 90205 90206 90216 90218 90219 90220 90221 90222 90223 90224 90225 90226 90227 90228 90234 90306 90307 90330 90396 90458 90478 90480 90505 90506 90507 90527 90530 90531 90596 90597 90635 90642 90651 90690 90691 90719 90775 90799 90801 90802 90873 90888 90889 90890 90928 90931 90961 90982 90993 91009 91010 91011 91012 91016 91018 91026 91029 91037 91038 91041 91043 91044 91055 91060 91062 91069 91075 91082 91083 91089 91094 91095 91105 91106 91113 91114 91124 91130 91162 91165 91168 91169 91173 91178 91181 91183 91191 91207 91226 91229 91238 91247 91250 91252 91266 91267 91268 91269 91277 91282 91297 91304 91305 91306 91308 91309 91310 91330 91332 91355 91356 91357 91359 91360 91361 91367 91369 91412 91416 91428 91437 91490 91495 91501 91505 91512 91514 91522 91530 91536 91537 91555 91557 91562 91572 91585 91597 91600 91606 91615 91621 91624 91632 91741 91780 91786 91794 91801 91833 91836 91854 91861 91871 91897 91962 91997 92005 92054 92089 92126 92180 92184 92193 92212 92220 92223 92227 92230 92238 92244 92381 92382 92510 92587 92602 92663 92664 92681 92682 92683 92715 92722 92738 
0
SET-PIN-A
0
1
0
1
PART-1-1
1
91162 
0
SET-PIN-B
0
1
0
1
PART-1-1
1
2264 
0
SET-TOP
0
1
0
1
PART-1-1
404
-2147483647
1608 0 204 225 554 564 565 566 572 993 1117 1121 1153 1213 1319 1392 1489 1490 1548 1614 1654 1737 1818 1852 1876 2019 2140 2222 2449 2450 2470 2478 2495 2513 2560 2688 2715 2861 2919 3066 3167 3232 3261 3331 3445 3662 3702 3703 4027 4045 4426 4549 4779 4813 5089 5090 5142 5849 5856 6299 6824 7379 7510 7700 8930 10862 11395 11855 12075 12186 12205 12445 13407 13828 14318 14372 15003 15956 15980 16243 16504 16547 18044 18444 18699 19096 19262 19504 22692 22928 23311 23328 23480 25109 25389 26338 27007 27731 28775 28794 29355 29901 30155 30253 30613 31345 31656 32720 33053 33207 33334 35106 35647 35728 37137 37375 37848 38000 38641 39402 39762 39930 40521 41076 41161 42546 43252 43725 43901 44409 45070 45877 45975 46314 47853 48022 48383 48846 49770 49978 50342 50763 51442 52484 52512 55436 57127 57134 57821 59331 59552 59887 59981 60787 62049 64252 64449 64558 66426 69522 69701 70783 71268 71476 71630 73652 74274 74566 75118 76182 76183 76277 77807 77914 78200 78233 78722 79275 82645 82780 82803 83003 83137 83565 83569 84121 84378 84507 85555 86126 86305 86404 86584 86809 86828 86831 86918 86946 86971 86995 87088 87145 87202 87311 87425 87488 87491 87511 87652 87653 87674 87751 87774 87803 87817 87840 87904 87940 87975 88030 88060 88112 88241 88341 88343 88344 88417 88448 88477 88534 88614 88616 88658 88718 88720 88807 88888 88971 89006 89061 89087 89175 89178 89267 89401 89586 90140 90141 90142 90143 90180 90196 90317 90353 90376 90386 90387 90388 90389 90390 90391 90392 90393 90394 90395 90447 90448 90449 90450 90451 90452 90453 90454 90455 90456 90457 90492 90499 90520 90532 90543 90550 90559 90589 90605 90607 90784 90811 90824 90825 90829 90866 90992 91014 91017 91030 91033 91035 91040 91042 91045 91048 91059 91061 91064 91065 91066 91068 91071 91073 91076 91081 91086 91103 91120 91128 91131 91140 91148 91154 91192 91193 91194 91199 91202 91203 91205 91212 91214 91245 91246 91264 91270 91271 91279 91285 91287 91294 91307 91325 91363 91377 91387 91417 91442 91447 91451 91481 91496 91504 91519 91556 91573 91577 91593 91596 91599 91605 91612 91614 91631 91670 91674 91676 91689 91695 91728 91766 91822 91894 91905 91916 91921 91979 92001 92031 92039 92069 92079 92140 92192 92216 92243 92246 92254 92279 92289 92313 92314 92351 92356 92368 92404 92405 92420 92421 92499 92513 92529 92534 92561 92619 92621 92740 
0
0
0
0
